New Test
0 1 1 2 2 
0
New Test
0 1 1 2 2 
Node: 1
{1,0} {0,1} {0,0} 
Node: 2
{2,0} {1,1} 
Node: 3

Node: 4

Node: 5

Sack: 1
Sack: 3
Sack: 2
Sack: 5
Sack: 4
2 2 1
2 2 1
1 2 2
2
New Test
0 1 1 2 2 
Node: 1
{1,1} {1,0} {0,1} {0,0} 
Node: 2
{2,0} 
Node: 3

Node: 4

Node: 5

Sack: 1
Sack: 3
Sack: 2
Sack: 5
Sack: 4
4 4 1
2 4 2
1 2 2
4
New Test
0 1 1 2 2 2 1 3 
Node: 1
{2,0} {1,1} {1,0} {0,1} {0,0} 
Node: 2

Node: 3
{3,0} {2,1} 
Node: 4

Node: 5

Node: 6

Node: 7

Node: 8

Sack: 1
Sack: 2
Sack: 5
Sack: 7
Sack: 3
Sack: 6
Sack: 4
Sack: 8
24 24 1
4 24 3
1 4 2
1 1 1
24
